2026-06-04 12:09:05,098 [     12]   INFO - #c.i.p.i.b.AppStarter - ------------------------------------------------------ IDE STARTED ------------------------------------------------------
2026-06-04 12:09:05,108 [     22]   INFO - #c.i.u.EnvironmentUtil - loading shell env is skipped: IDE has been launched from a terminal (SHLVL=2)
2026-06-04 12:09:05,119 [     33]   INFO - #c.i.u.i.PageCacheUtils - File page caching params:
2026-06-04 12:09:05,120 [     34]   INFO - #c.i.u.i.PageCacheUtils - 	DEFAULT_PAGE_SIZE: 10485760
2026-06-04 12:09:05,120 [     34]   INFO - #c.i.u.i.PageCacheUtils - 	Direct memory to use, max: 2126512128
2026-06-04 12:09:05,120 [     34]   INFO - #c.i.u.i.PageCacheUtils - 	FilePageCache: regular + lock-free (LOCK_FREE_PAGE_CACHE_ENABLED:true)
2026-06-04 12:09:05,121 [     35]   INFO - #c.i.u.i.PageCacheUtils - 	NEW_PAGE_CACHE_MEMORY_FRACTION: 0.20000000298023224
2026-06-04 12:09:05,121 [     35]   INFO - #c.i.u.i.PageCacheUtils - 	Regular FilePageCache: 503316478 bytes
2026-06-04 12:09:05,121 [     35]   INFO - #c.i.u.i.PageCacheUtils - 	New     FilePageCache: 125829122 bytes (+ up to 10.0% overflow)
2026-06-04 12:09:05,121 [     35]   INFO - #c.i.u.i.PageCacheUtils - 	DirectByteBuffers pool: 104857600 bytes
2026-06-04 12:09:05,134 [     48]   INFO - #c.i.p.i.b.AppStarter - JNA library (64-bit) loaded in 26 ms
2026-06-04 12:09:05,136 [     50]   INFO - #c.i.p.i.b.AppStarter - IDE: IntelliJ IDEA (build #IC-233.15026.9, Thu, 21 Mar 2024 05:05:00 GMT)
2026-06-04 12:09:05,136 [     50]   INFO - #c.i.p.i.b.AppStarter - OS: Mac OS X (15.5)
2026-06-04 12:09:05,136 [     50]   INFO - #c.i.p.i.b.AppStarter - JRE: 17.0.10+1-b1087.23, aarch64 (JetBrains s.r.o.)
2026-06-04 12:09:05,137 [     51]   INFO - #c.i.p.i.b.AppStarter - JVM: 17.0.10+1-b1087.23 (OpenJDK 64-Bit Server VM)
2026-06-04 12:09:05,138 [     52]   INFO - #c.i.i.p.PluginManager - PluginDescriptor(name=Code Translation Helper, id=cn.minmetals.hcm.pm.plugin.code-translation, descriptorPath=plugin.xml, path=~/minmetal/project/app-minmetals-hcm-pm/code-translation-plugin/build/idea-sandbox/IC-2023.3.6/plugins/code-translation-plugin, version=1.0.0, package=null, isBundled=false) overrides PluginDescriptor(name=Code Translation Helper, id=cn.minmetals.hcm.pm.plugin.code-translation, descriptorPath=plugin.xml, path=~/minmetal/project/app-minmetals-hcm-pm/code-translation-plugin/build/idea-sandbox/IC-2023.3.6/plugins/code-translation-plugin, version=1.0.0, package=null, isBundled=false)
2026-06-04 12:09:05,138 [     52]   INFO - #c.i.p.i.b.AppStarter - PID: 30372
2026-06-04 12:09:05,148 [     62]   INFO - #c.i.p.i.b.AppStarter - JVM options: [-Daether.connector.resumeDownloads=false, -Dapple.awt.application.appearance=system, -Dide.native.launcher=false, -Didea.config.path=/Users/suyp/minmetal/project/app-minmetals-hcm-pm/code-translation-plugin/build/idea-sandbox/IC-2023.3.6/config, -Didea.l10n.keys=only, -Didea.log.path=/Users/suyp/minmetal/project/app-minmetals-hcm-pm/code-translation-plugin/build/idea-sandbox/IC-2023.3.6/log, -Didea.paths.selector=IdeaIC2023.3, -Didea.platform.prefix=Idea, -Didea.plugins.path=/Users/suyp/minmetal/project/app-minmetals-hcm-pm/code-translation-plugin/build/idea-sandbox/IC-2023.3.6/plugins, -Didea.required.plugins.id=cn.minmetals.hcm.pm.plugin.code-translation, -Didea.system.path=/Users/suyp/minmetal/project/app-minmetals-hcm-pm/code-translation-plugin/build/idea-sandbox/IC-2023.3.6/system, -Didea.vendor.name=JetBrains, -Dintellij.platform.runtime.repository.path=/Users/suyp/.gradle/caches/transforms-3/c16d1a753e5d1b9477428d6574dcd87b/transformed/ideaIC-2023.3.6-aarch64/modules/module-descriptors.jar, -Djava.system.class.loader=com.intellij.util.lang.PathClassLoader, -Djbr.catch.SIGABRT=true, -Djdk.attach.allowAttachSelf=true, -Djdk.http.auth.tunneling.disabledSchemes="", -Djdk.module.illegalAccess.silent=true, -Djna.boot.library.path=/Users/suyp/.gradle/caches/transforms-3/c16d1a753e5d1b9477428d6574dcd87b/transformed/ideaIC-2023.3.6-aarch64/lib/jna/aarch64, -Djna.noclasspath=true, -Djna.nosys=true, -Dplugin.path=/Users/suyp/minmetal/project/app-minmetals-hcm-pm/code-translation-plugin/build/idea-sandbox/IC-2023.3.6/plugins/code-translation-plugin, -Dpty4j.preferred.native.folder=/Users/suyp/.gradle/caches/transforms-3/c16d1a753e5d1b9477428d6574dcd87b/transformed/ideaIC-2023.3.6-aarch64/lib/pty4j, -Dsplash=true, -Dsun.io.useCanonCaches=false, -Dsun.java2d.metal=true, -XX:ReservedCodeCacheSize=512m, -XX:+UseG1GC, -XX:SoftRefLRUPolicyMSPerMB=50, -XX:CICompilerCount=2, -XX:+HeapDumpOnOutOfMemoryError, -XX:-OmitStackTraceInFastThrow, -XX:+IgnoreUnrecognizedVMOptions, -XX:CompileCommand=exclude,com/intellij/openapi/vfs/impl/FilePartNodeRoot,trieDescend, -javaagent:/Users/suyp/minmetal/project/app-minmetals-hcm-pm/code-translation-plugin/build/coroutines-javaagent.jar, --add-opens=java.base/java.io=ALL-UNNAMED, --add-opens=java.base/java.lang=ALL-UNNAMED, --add-opens=java.base/java.lang.ref=ALL-UNNAMED, --add-opens=java.base/java.lang.reflect=ALL-UNNAMED, --add-opens=java.base/java.net=ALL-UNNAMED, --add-opens=java.base/java.nio=ALL-UNNAMED, --add-opens=java.base/java.nio.charset=ALL-UNNAMED, --add-opens=java.base/java.text=ALL-UNNAMED, --add-opens=java.base/java.time=ALL-UNNAMED, --add-opens=java.base/java.util=ALL-UNNAMED, --add-opens=java.base/java.util.concurrent=ALL-UNNAMED, --add-opens=java.base/java.util.concurrent.atomic=ALL-UNNAMED, --add-opens=java.base/java.util.concurrent.locks=ALL-UNNAMED, --add-opens=java.base/jdk.internal.vm=ALL-UNNAMED, --add-opens=java.base/sun.nio.ch=ALL-UNNAMED, --add-opens=java.base/sun.nio.fs=ALL-UNNAMED, --add-opens=java.base/sun.security.ssl=ALL-UNNAMED, --add-opens=java.base/sun.security.util=ALL-UNNAMED, --add-opens=java.base/sun.net.dns=ALL-UNNAMED, --add-opens=java.desktop/com.apple.eawt=ALL-UNNAMED, --add-opens=java.desktop/com.apple.eawt.event=ALL-UNNAMED, --add-opens=java.desktop/com.apple.laf=ALL-UNNAMED, --add-opens=java.desktop/java.awt=ALL-UNNAMED, --add-opens=java.desktop/java.awt.dnd.peer=ALL-UNNAMED, --add-opens=java.desktop/java.awt.event=ALL-UNNAMED, --add-opens=java.desktop/java.awt.image=ALL-UNNAMED, --add-opens=java.desktop/java.awt.peer=ALL-UNNAMED, --add-opens=java.desktop/java.awt.font=ALL-UNNAMED, --add-opens=java.desktop/javax.swing=ALL-UNNAMED, --add-opens=java.desktop/javax.swing.plaf.basic=ALL-UNNAMED, --add-opens=java.desktop/javax.swing.text.html=ALL-UNNAMED, --add-opens=java.desktop/sun.awt.datatransfer=ALL-UNNAMED, --add-opens=java.desktop/sun.awt.image=ALL-UNNAMED, --add-opens=java.desktop/sun.awt=ALL-UNNAMED, --add-opens=java.desktop/sun.font=ALL-UNNAMED, --add-opens=java.desktop/sun.java2d=ALL-UNNAMED, --add-opens=java.desktop/sun.lwawt=ALL-UNNAMED, --add-opens=java.desktop/sun.lwawt.macosx=ALL-UNNAMED, --add-opens=java.desktop/sun.swing=ALL-UNNAMED, --add-opens=java.desktop/com.sun.java.swing=ALL-UNNAMED, --add-opens=jdk.attach/sun.tools.attach=ALL-UNNAMED, --add-opens=jdk.compiler/com.sun.tools.javac.api=ALL-UNNAMED, --add-opens=jdk.internal.jvmstat/sun.jvmstat.monitor=ALL-UNNAMED, --add-opens=jdk.jdi/com.sun.tools.jdi=ALL-UNNAMED, -Xms128m, -Xmx2048m, -Dfile.encoding=UTF-8, -Duser.country=CN, -Duser.language=zh, -Duser.variant, -ea]
2026-06-04 12:09:05,148 [     62]   INFO - #c.i.p.i.b.AppStarter - args: traverseUI /Users/suyp/minmetal/project/app-minmetals-hcm-pm/code-translation-plugin/build/tmp/buildSearchableOptions true
2026-06-04 12:09:05,149 [     63]   INFO - #c.i.p.i.b.AppStarter - library path: /Users/suyp/Library/Java/Extensions:/Library/Java/Extensions:/Network/Library/Java/Extensions:/System/Library/Java/Extensions:/usr/lib/java:.
2026-06-04 12:09:05,149 [     63]   INFO - #c.i.p.i.b.AppStarter - boot library path: /Users/suyp/.gradle/caches/transforms-3/c16d1a753e5d1b9477428d6574dcd87b/transformed/ideaIC-2023.3.6-aarch64/jbr/Contents/Home/lib
2026-06-04 12:09:05,158 [     72]   INFO - #c.i.p.i.b.AppStarter - locale=zh_CN_#Hans JNU=UTF-8 file.encoding=UTF-8
    idea.config.path=/Users/suyp/minmetal/project/app-minmetals-hcm-pm/code-translation-plugin/build/idea-sandbox/IC-2023.3.6/config
    idea.system.path=/Users/suyp/minmetal/project/app-minmetals-hcm-pm/code-translation-plugin/build/idea-sandbox/IC-2023.3.6/system
    idea.plugins.path=/Users/suyp/minmetal/project/app-minmetals-hcm-pm/code-translation-plugin/build/idea-sandbox/IC-2023.3.6/plugins
    idea.log.path=/Users/suyp/minmetal/project/app-minmetals-hcm-pm/code-translation-plugin/build/idea-sandbox/IC-2023.3.6/log
2026-06-04 12:09:05,160 [     74]   INFO - #c.i.p.i.b.AppStarter - CPU cores: 8; ForkJoinPool.commonPool: java.util.concurrent.ForkJoinPool@3b4ec49b[Running, parallelism = 8, size = 0, active = 0, running = 0, steals = 0, tasks = 0, submissions = 0]; factory: com.intellij.concurrency.IdeaForkJoinWorkerThreadFactory@5567df0e
2026-06-04 12:09:05,173 [     87]   INFO - #c.i.i.p.PluginManager - Module intellij.sh.python is not enabled because dependency com.intellij.modules.python is not available
Module intellij.space.gateway is not enabled because dependency com.jetbrains.gateway is not available
Module intellij.space.php is not enabled because dependency com.jetbrains.php is not available
Module intellij.groovy/ant is not enabled because dependency AntSupport is not available
Module intellij.space.index is not enabled because dependency intellij.indexing.shared is not available
Module intellij.qodana.jvm.swagger is not enabled because dependency com.intellij.swagger is not available
Module intellij.qodana.python is not enabled because dependency Pythonid is not available
Module intellij.qodana.php is not enabled because dependency com.jetbrains.php is not available
Module intellij.qodana.js is not enabled because dependency JavaScript is not available
Module intellij.qodana.go is not enabled because dependency intellij.go.coverage is not available
Module intellij.packageChecker.python is not enabled because dependency com.intellij.modules.python is not available
Module intellij.packageChecker.javascript is not enabled because dependency JavaScript is not available
Module intellij.packageChecker.go is not enabled because dependency org.jetbrains.plugins.go is not available
2026-06-04 12:09:05,184 [     98]   INFO - #c.i.i.p.PluginManager - Loaded bundled plugins: Local Productivity Statistics (233.15026.9), JUnit (233.15026.9), GitHub (233.15026.9), Space (233.15026.9), Configuration Script (233.15026.9), Eclipse Keymap (233.15026.9), Maven (233.15026.9), Mercurial (233.15026.9), Images (233.15026.9), Machine Learning in Search Everywhere (233.15026.9), Bytecode Viewer (233.15026.9), Gradle Dependency Updater Implementation (233.15026.9), Kotlin (233.15026.9-IJ), JetBrains maven model api classes (233.15026.9), Java IDE Customization (233.15026.9), Maven server api classes (233.15026.9), NetBeans Keymap (233.15026.9), Eclipse Interoperability (233.15026.9), EditorConfig (233.15026.9), intellij.platform.ijent.impl (233.15026.9), Performance Testing (233.15026.9), Groovy (233.15026.9), Java Bytecode Decompiler (233.15026.9), Turbo Complete (233.15026.9), Task Management (233.15026.9), com.intellij.dev (233.15026.9), WebP Support (233.15026.9), IDEA CORE (233.15026.9), Gradle-Java-Analysis (233.15026.9), Settings Sync (233.15026.9), JetBrains Repository Search (233.15026.9), Grazie Lite (233.15026.9), Terminal (233.15026.9), Qodana (233.15026.9), TextMate Bundles (233.15026.9), Java Stream Debugger (233.15026.9), HTML Tools (233.15026.9), Shell Script (233.15026.9), Java Internationalization (233.15026.9), com.intellij.tracing.ide (233.15026.9), Perforce Helix Core (233.15026.9), JetBrains Marketplace Licensing (233.15026.9), Machine Learning Code Completion (233.15026.9), Gradle DSL API (233.15026.9), Package Checker (233.15026.9), Gradle (233.15026.9), Gradle-Java (233.15026.9), Copyright (233.15026.9), Async Profiler for IDE Performance Testing (233.15026.9), JavaFX (233.15026.9), Markdown (233.15026.9), Code Coverage for Java (233.15026.9), YAML (233.15026.9), Code With Me (233.15026.9), Toml (233.15026.9), IntelliLang (233.15026.9), Visual Studio Keymap (233.15026.9), GitLab (233.15026.9), Gradle-Maven (233.15026.9), TestNG (233.15026.9), Java (233.15026.9), Git (233.15026.9), Subversion (233.15026.9), Properties (233.15026.9), Shared Indexes (233.15026.9), IDE Features Trainer (233.15026.9), UI Designer (233.15026.9)
2026-06-04 12:09:05,184 [     98]   INFO - #c.i.i.p.PluginManager - Loaded custom plugins: Code Translation Helper (1.0.0)
2026-06-04 12:09:05,317 [    231]   INFO - #c.i.a.o.PathMacrosImpl - Loaded path macros: {MAVEN_REPOSITORY=/Users/suyp/.m2/repository}
2026-06-04 12:09:05,351 [    265]   INFO - #c.i.o.v.n.p.PersistentFSLoader - VFS uses 'fast' names enumerator (over mmapped file)
2026-06-04 12:09:05,352 [    266]   INFO - #c.i.o.v.n.p.PersistentFSLoader - VFS uses content storage over new FilePageCache
2026-06-04 12:09:05,352 [    266]   INFO - #c.i.o.v.n.p.PersistentFSLoader - VFS uses streamlined attributes storage (over mmapped file)
2026-06-04 12:09:05,354 [    268]   INFO - #c.i.o.v.n.p.PersistentFSLoader - VFS uses content hash storage over mmapped file
2026-06-04 12:09:05,625 [    539]   INFO - #c.i.o.v.n.p.PersistentFSLoader - VFS: impl (expected) version=846656, 0 file records, 0 content blobs
2026-06-04 12:09:05,629 [    543]   INFO - #c.i.o.v.n.p.FSRecords - VFS health-check enabled: first after 600000 ms, and each following 43200000 ms
2026-06-04 12:09:05,630 [    544]   WARN - #c.i.s.ComponentManagerImpl - `preload=true` must be used only for core services (service=com.intellij.ae.database.core.baseEvents.fus.AddStatisticsEventLogListenerTemporary, plugin=com.jetbrains.ae.database)
2026-06-04 12:09:05,631 [    545]   WARN - #c.i.s.ComponentManagerImpl - `preload=true` must be used only for core services (service=com.jetbrains.rdserver.statistics.BackendStatisticsManager, plugin=com.jetbrains.codeWithMe)
2026-06-04 12:09:05,641 [    555]   INFO - #c.i.o.v.n.p.FSRecordsImpl - VFS initialized: 292 ms, 0 failed attempts, 0 error(s) were recovered
2026-06-04 12:09:05,644 [    558]   INFO - #c.i.o.v.n.p.FSRecordsImpl - VFS scanned: file-by-name index was populated
2026-06-04 12:09:05,662 [    576]   INFO - #c.i.i.p.ExpiredPluginsState - Plugins to skip: []
2026-06-04 12:09:05,728 [    642]   INFO - #c.j.r.p.c.B.j.B.j - Start Wire Storage check: Check Wire Buffer Size
2026-06-04 12:09:05,838 [    752]   INFO - #o.j.i.BuiltInServerManager - built-in server started, port 63343
2026-06-04 12:09:05,879 [    793]   INFO - #c.i.u.n.s.CertificateManager - Default SSL context initialized
2026-06-04 12:09:05,892 [    806]   WARN - #c.i.s.ComponentManagerImpl - com.intellij.psi.search.FilenameIndex initializer requests com.intellij.ide.plugins.PluginUtil instance
2026-06-04 12:09:05,904 [    818]   INFO - #c.i.o.v.i.l.NativeFileWatcherImpl - Native file watcher is disabled
2026-06-04 12:09:05,979 [    893]   INFO - #c.i.i.s.p.i.SharedIndexMainZipStorage - Shared Indexes Storage is opened and empty
2026-06-04 12:09:06,262 [   1176]   INFO - #c.i.u.i.FileBasedIndexImpl - Indices to be built:org.jetbrains.kotlin.idea.versions.KotlinJsMetadataVersionIndex(v = 3),javafx.custom.component(v = 2),DomFileIndex(v = 0),org.jetbrains.kotlin.idea.base.indices.names.KotlinTopLevelClassLikeDeclarationByPackageShortNameIndex(v = 3),org.jetbrains.kotlin.idea.vfilefinder.KotlinShortClassNameFileIndex(v = 3),javafx.id.name(v = 3),SchemaTypeInheritance(v = 2),FilenameIndex(v = 258),IdIndex(v = 22),fileIncludes(v = 6),XmlTagNames(v = 1),HtmlTagIdIndex(v = 3),org.jetbrains.kotlin.idea.vfilefinder.KotlinModuleMappingIndex(v = 5),java.null.method.argument(v = 1),XmlNamespaces(v = 8),org.jetbrains.kotlin.idea.base.indices.names.KotlinTopLevelCallableByPackageShortNameIndex(v = 3),org.jetbrains.kotlin.idea.vfilefinder.KotlinJvmModuleAnnotationsIndex(v = 1),org.jetbrains.kotlin.idea.vfilefinder.KotlinPartialPackageNamesIndex(v = 5),java.auto.module.name(v = 6),json.file.root.values(v = 5),bytecodeAnalysis(v = 11),TodoIndex(v = 13),editorconfig.index.name(v = 5),html5.custom.attributes.index(v = 1),java.source.module.name(v = 4),java.fun.expression(v = 6),org.jetbrains.kotlin.idea.vfilefinder.KlibMetaFileIndex(v = 4),JavaFxControllerClassIndex(v = 1),org.jetbrains.kotlin.idea.vfilefinder.KotlinClassFileIndex(v = 3),org.jetbrains.kotlin.idea.vfilefinder.KotlinBuiltInsMetadataIndex(v = 4),Stubs(v = 46),org.jetbrains.kotlin.idea.vfilefinder.KotlinMetadataFileIndex(v = 2),com.intellij.uiDesigner.FormClassIndex(v = 0),java.binary.plus.expression(v = 4),org.jetbrains.kotlin.idea.vfilefinder.KotlinJavaScriptMetaFileIndex(v = 4),Trigram.Index(v = 4),org.jetbrains.kotlin.idea.vfilefinder.KotlinPackageSourcesMemberNamesIndex(v = 2),RelaxSymbolIndex(v = 0),org.jetbrains.kotlin.idea.vfilefinder.KotlinMetadataFilePackageIndex(v = 2),xmlProperties(v = 2),FrameworkDetectionIndex(v = 65536),filetypes(v = 4096),org.jetbrains.kotlin.idea.vfilefinder.KotlinStdlibIndex(v = 1),org.jetbrains.kotlin.idea.versions.KotlinJvmMetadataVersionIndex(v = 5),yaml.keys.name(v = 1)
2026-06-04 12:09:06,266 [   1180]   INFO - #c.i.u.i.FileBasedIndexImpl - Using nice flusher for indexes
2026-06-04 12:09:06,273 [   1187]   INFO - #c.i.u.i.IndexDataInitializer - Index data initialization done: 381 ms. Initialized indexes: [FilenameIndex, Trigram.Index, IdIndex, TodoIndex, FrameworkDetectionIndex, filetypes, fileIncludes, DomFileIndex, XmlNamespaces, html5.custom.attributes.index, editorconfig.index.name, json.file.root.values, XmlTagNames, SchemaTypeInheritance, yaml.keys.name, java.auto.module.name, RelaxSymbolIndex, xmlProperties, Stubs, HtmlTagIdIndex, java.source.module.name, java.null.method.argument, java.fun.expression, java.binary.plus.expression, javafx.id.name, org.jetbrains.kotlin.idea.versions.KotlinJvmMetadataVersionIndex, bytecodeAnalysis, JavaFxControllerClassIndex, javafx.custom.component, org.jetbrains.kotlin.idea.vfilefinder.KotlinClassFileIndex, org.jetbrains.kotlin.idea.versions.KotlinJsMetadataVersionIndex, org.jetbrains.kotlin.idea.vfilefinder.KotlinPartialPackageNamesIndex, org.jetbrains.kotlin.idea.vfilefinder.KotlinJavaScriptMetaFileIndex, org.jetbrains.kotlin.idea.vfilefinder.KotlinJvmModuleAnnotationsIndex, org.jetbrains.kotlin.idea.vfilefinder.KotlinStdlibIndex, org.jetbrains.kotlin.idea.vfilefinder.KotlinModuleMappingIndex, org.jetbrains.kotlin.idea.vfilefinder.KotlinMetadataFilePackageIndex, org.jetbrains.kotlin.idea.vfilefinder.KotlinPackageSourcesMemberNamesIndex, org.jetbrains.kotlin.idea.vfilefinder.KotlinBuiltInsMetadataIndex, org.jetbrains.kotlin.idea.vfilefinder.KotlinMetadataFileIndex, org.jetbrains.kotlin.idea.base.indices.names.KotlinTopLevelClassLikeDeclarationByPackageShortNameIndex, com.intellij.uiDesigner.FormClassIndex, org.jetbrains.kotlin.idea.base.indices.names.KotlinTopLevelCallableByPackageShortNameIndex, org.jetbrains.kotlin.idea.vfilefinder.KotlinShortClassNameFileIndex, org.jetbrains.kotlin.idea.vfilefinder.KlibMetaFileIndex].
2026-06-04 12:09:06,452 [   1366]   INFO - #c.i.p.s.StubIndexImpl - Following stub indices will be built:org.jetbrains.kotlin.idea.stubindex.KotlinSuperClassIndex(v = 2),java.annotations(v = 2),org.jetbrains.kotlin.idea.stubindex.KotlinExactPackagesIndex(v = 2),kotlin.primeIndexKey(v = 2),java.class.shortname(v = 4),org.jetbrains.kotlin.idea.stubindex.KotlinFullClassNameIndex(v = 2),java.method.name(v = 2),org.jetbrains.kotlin.idea.stubindex.KotlinTopLevelClassByPackageIndex(v = 2),org.jetbrains.kotlin.idea.stubindex.KotlinAnnotationsIndex(v = 3),java.anonymous.baseref(v = 2),org.jetbrains.kotlin.idea.stubindex.KotlinScriptFqnIndex(v = 2),gr.annot.members(v = 5),org.jetbrains.kotlin.idea.stubindex.KotlinFileFacadeShortNameIndex(v = 2),java.unnamed.class(v = 2),dom.namespaceKey(v = 1),org.jetbrains.kotlin.idea.stubindex.KotlinOverridableInternalMembersShortNameIndex(v = 2),jvm.static.member.type(v = 2),java.class.extlist(v = 3),org.jetbrains.kotlin.idea.stubindex.KotlinMultifileClassPartIndex(v = 2),java.class.fqn(v = 1),gr.annot.method.name(v = 5),gr.script.class(v = 5),org.jetbrains.kotlin.idea.stubindex.KotlinInnerTypeAliasClassIdIndex(v = 2),org.jetbrains.kotlin.idea.stubindex.KotlinExtensionsInObjectsByReceiverTypeIndex(v = 2),gr.class.fqn.s(v = 5),org.jetbrains.kotlin.idea.stubindex.KotlinTypeAliasByExpansionShortNameIndex(v = 2),org.jetbrains.kotlin.idea.stubindex.KotlinTopLevelTypeAliasByPackageIndex(v = 2),dom.elementClass(v = 0),org.jetbrains.kotlin.idea.stubindex.KotlinPropertyShortNameIndex(v = 2),org.jetbrains.kotlin.idea.stubindex.KotlinProbablyContractedFunctionShortNameIndex(v = 2),java.module.name(v = 4),org.jetbrains.kotlin.idea.stubindex.KotlinTopLevelFunctionFqnNameIndex(v = 2),java.field.name(v = 2),gr.class.super(v = 5),org.jetbrains.kotlin.idea.stubindex.KotlinFileFacadeClassByPackageIndex(v = 2),properties.index(v = 2),org.jetbrains.kotlin.idea.stubindex.KotlinProbablyNothingPropertyShortNameIndex(v = 2),org.jetbrains.kotlin.idea.stubindex.KotlinTopLevelPropertyByPackageIndex(v = 2),markdown.header(v = 2),org.jetbrains.kotlin.idea.stubindex.KotlinFunctionShortNameIndex(v = 2),java.method.parameter.types(v = 3),markdown.header.anchor(v = 2),org.jetbrains.kotlin.idea.stubindex.KotlinTopLevelTypeAliasFqNameIndex(v = 2),gr.anonymous.class(v = 6),gr.field.name(v = 5),org.jetbrains.kotlin.idea.stubindex.KotlinTypeAliasShortNameIndex(v = 2),jvm.static.member.name(v = 2),org.jetbrains.kotlin.idea.stubindex.KotlinClassShortNameIndex(v = 2),org.jetbrains.kotlin.idea.stubindex.KotlinFileFacadeFqNameIndex(v = 2),org.jetbrains.kotlin.idea.stubindex.KotlinTopLevelFunctionByPackageIndex(v = 2),org.jetbrains.kotlin.idea.stubindex.KotlinJvmNameAnnotationIndex(v = 2),org.jetbrains.kotlin.idea.stubindex.KotlinProbablyNothingFunctionShortNameIndex(v = 2),gr.method.name(v = 5),org.jetbrains.kotlin.idea.stubindex.KotlinTopLevelPropertyFqnNameIndex(v = 2),gr.script.fqn.s(v = 5),org.jetbrains.kotlin.idea.stubindex.KotlinSubclassObjectNameIndex(v = 2),org.jetbrains.kotlin.idea.stubindex.KotlinFilePartClassIndex(v = 2),org.jetbrains.kotlin.idea.stubindex.KotlinTopLevelExtensionsByReceiverTypeIndex(v = 3)
2026-06-04 12:09:06,453 [   1367]   INFO - #c.i.u.i.IndexDataInitializer - Index data initialization done: 179 ms. Initialized stub indexes: {org.jetbrains.kotlin.idea.stubindex.KotlinSubclassObjectNameIndex, java.module.name, kotlin.primeIndexKey, dom.namespaceKey, gr.anonymous.class, gr.script.class, java.annotations, java.class.extlist, org.jetbrains.kotlin.idea.stubindex.KotlinExactPackagesIndex, org.jetbrains.kotlin.idea.stubindex.KotlinTopLevelTypeAliasFqNameIndex, org.jetbrains.kotlin.idea.stubindex.KotlinTopLevelClassByPackageIndex, org.jetbrains.kotlin.idea.stubindex.KotlinTopLevelPropertyFqnNameIndex, org.jetbrains.kotlin.idea.stubindex.KotlinFileFacadeFqNameIndex, org.jetbrains.kotlin.idea.stubindex.KotlinTopLevelFunctionFqnNameIndex, gr.class.fqn.s, java.unnamed.class, org.jetbrains.kotlin.idea.stubindex.KotlinExtensionsInObjectsByReceiverTypeIndex, org.jetbrains.kotlin.idea.stubindex.KotlinProbablyNothingPropertyShortNameIndex, markdown.header.anchor, org.jetbrains.kotlin.idea.stubindex.KotlinFunctionShortNameIndex, properties.index, org.jetbrains.kotlin.idea.stubindex.KotlinPropertyShortNameIndex, org.jetbrains.kotlin.idea.stubindex.KotlinFullClassNameIndex, org.jetbrains.kotlin.idea.stubindex.KotlinSuperClassIndex, org.jetbrains.kotlin.idea.stubindex.KotlinAnnotationsIndex, org.jetbrains.kotlin.idea.stubindex.KotlinProbablyNothingFunctionShortNameIndex, java.method.name, gr.method.name, jvm.static.member.name, java.field.name, org.jetbrains.kotlin.idea.stubindex.KotlinTopLevelPropertyByPackageIndex, dom.elementClass, java.anonymous.baseref, org.jetbrains.kotlin.idea.stubindex.KotlinTopLevelFunctionByPackageIndex, org.jetbrains.kotlin.idea.stubindex.KotlinFileFacadeClassByPackageIndex, org.jetbrains.kotlin.idea.stubindex.KotlinMultifileClassPartIndex, org.jetbrains.kotlin.idea.stubindex.KotlinTopLevelTypeAliasByPackageIndex, gr.class.super, org.jetbrains.kotlin.idea.stubindex.KotlinOverridableInternalMembersShortNameIndex, java.class.shortname, java.method.parameter.types, org.jetbrains.kotlin.idea.stubindex.KotlinProbablyContractedFunctionShortNameIndex, org.jetbrains.kotlin.idea.stubindex.KotlinTopLevelExtensionsByReceiverTypeIndex, gr.annot.method.name, org.jetbrains.kotlin.idea.stubindex.KotlinJvmNameAnnotationIndex, jvm.static.member.type, org.jetbrains.kotlin.idea.stubindex.KotlinScriptFqnIndex, org.jetbrains.kotlin.idea.stubindex.KotlinFileFacadeShortNameIndex, gr.script.fqn.s, gr.annot.members, org.jetbrains.kotlin.idea.stubindex.KotlinTypeAliasByExpansionShortNameIndex, gr.field.name, markdown.header, org.jetbrains.kotlin.idea.stubindex.KotlinTypeAliasShortNameIndex, java.class.fqn, org.jetbrains.kotlin.idea.stubindex.KotlinInnerTypeAliasClassIdIndex, org.jetbrains.kotlin.idea.stubindex.KotlinFilePartClassIndex, org.jetbrains.kotlin.idea.stubindex.KotlinClassShortNameIndex}.
2026-06-04 12:09:07,128 [   2042]   WARN - #c.i.s.ComponentManagerImpl - org.zmlx.hg4idea.provider.HgChangeProvider initializer requests com.intellij.openapi.vcs.FileStatusFactory instance
2026-06-04 12:09:07,842 [   2756]   INFO - #c.i.u.p.CommonProxy - <html>You have JVM property "https.proxyHost" set to "127.0.0.1".<br>This may lead to incorrect behaviour. Proxy should be set in Settings | HTTP Proxy<br>This JVM property is old and its usage is not recommended by Oracle.<br>(Note: It could have been assigned by some code dynamically.)</html>
2026-06-04 12:09:07,893 [   2807]   INFO - #c.i.u.p.CommonProxy - <html>You have JVM property "https.proxyHost" set to "127.0.0.1".<br>This may lead to incorrect behaviour. Proxy should be set in Settings | HTTP Proxy<br>This JVM property is old and its usage is not recommended by Oracle.<br>(Note: It could have been assigned by some code dynamically.)</html>
2026-06-04 12:09:07,899 [   2813]   INFO - #c.i.i.p.n.PluginsGroupComponentWithProgress - Marketplace tab: loading stopped
2026-06-04 12:09:07,911 [   2825]   INFO - #c.i.i.p.PluginManagerConfigurable - Marketplace tab: 'Staff Picks' group load started
2026-06-04 12:09:08,599 [   3513]   WARN - #c.i.s.ComponentManagerImpl - com.intellij.codeInsight.daemon.LineMarkerProviders initializer requests com.intellij.codeInsight.daemon.LineMarkerProviders instance
2026-06-04 12:09:08,938 [   3852]   INFO - #c.i.i.p.PluginManagerConfigurable - Marketplace tab: 'Staff Picks' group load finished
2026-06-04 12:09:08,938 [   3852]   INFO - #c.i.i.p.PluginManagerConfigurable - Marketplace tab: 'New and Updated' group load started
2026-06-04 12:09:09,089 [   4003]   INFO - #c.i.o.a.i.NonBlockingReadActionImpl - OTel monitoring for NonBlockingReadAction is enabled
2026-06-04 12:09:09,612 [   4526]   WARN - #c.i.s.ComponentManagerImpl - com.intellij.psi.LanguageSubstitutors initializer requests com.intellij.psi.LanguageSubstitutors instance
2026-06-04 12:09:10,050 [   4964]   INFO - #c.i.i.p.PluginManagerConfigurable - Marketplace tab: 'New and Updated' group load finished
2026-06-04 12:09:10,050 [   4964]   INFO - #c.i.i.p.PluginManagerConfigurable - Marketplace tab: 'Top Downloads' group load started
2026-06-04 12:09:10,596 [   5510]   INFO - #c.i.i.p.PluginManagerConfigurable - Marketplace tab: 'Top Downloads' group load finished
2026-06-04 12:09:10,596 [   5510]   INFO - #c.i.i.p.PluginManagerConfigurable - Marketplace tab: 'Top Rated' group load started
2026-06-04 12:09:11,044 [   5958]   INFO - #c.i.r.OsRegistryConfigProvider - Looking for 'lobbyServerUrl' value in [/Library/Application Support/JetBrains/CodeWithMe/lobbyServerUrl, /Library/Application Support/JetBrains/CodeWithMe/config.json, /Users/suyp/Library/Application Support/JetBrains/CodeWithMe/lobbyServerUrl, /Users/suyp/Library/Application Support/JetBrains/CodeWithMe/config.json]
2026-06-04 12:09:11,045 [   5959]   INFO - #c.i.r.OsRegistryConfigProvider - OS provided value for 'lobbyServerUrl' is not found
2026-06-04 12:09:11,045 [   5959]   INFO - #c.j.r.p.c.u.CodeWithMeSystemSettings - Got regional URL for CN: https://code-with-me.jetbrains.com.cn
2026-06-04 12:09:11,045 [   5959]   INFO - #c.j.r.p.c.u.CodeWithMeSystemSettings - Regional LobbyUrl value='https://code-with-me.jetbrains.com.cn'
2026-06-04 12:09:11,054 [   5968]   INFO - #c.i.r.OsRegistryConfigProvider - Looking for 'lobbyServerUrl' value in [/Library/Application Support/JetBrains/CodeWithMe/lobbyServerUrl, /Library/Application Support/JetBrains/CodeWithMe/config.json, /Users/suyp/Library/Application Support/JetBrains/CodeWithMe/lobbyServerUrl, /Users/suyp/Library/Application Support/JetBrains/CodeWithMe/config.json]
2026-06-04 12:09:11,054 [   5968]   INFO - #c.i.r.OsRegistryConfigProvider - OS provided value for 'lobbyServerUrl' is not found
2026-06-04 12:09:11,054 [   5968]   INFO - #c.j.r.p.c.u.CodeWithMeSystemSettings - Got regional URL for CN: https://code-with-me.jetbrains.com.cn
2026-06-04 12:09:11,054 [   5968]   INFO - #c.j.r.p.c.u.CodeWithMeSystemSettings - Regional LobbyUrl value='https://code-with-me.jetbrains.com.cn'
2026-06-04 12:09:11,130 [   6044]   INFO - #c.i.i.p.PluginManagerConfigurable - Marketplace tab: 'Top Rated' group load finished
2026-06-04 12:09:11,208 [   6122]   WARN - #c.i.s.ComponentManagerImpl - com.intellij.psi.codeStyle.CodeStyleSettingsCustomizable initializer requests com.intellij.util.LocaleSensitiveApplicationCacheService instance
2026-06-04 12:09:12,097 [   7011]   WARN - #c.i.u.j.JBCefApp - JCEF is manually disabled in headless env via 'ide.browser.jcef.headless.enabled=false'
2026-06-04 12:09:12,103 [   7017]   INFO - #org.intellij.plugins.markdown.settings.MarkdownSettings - Migrating Markdown settings
2026-06-04 12:09:12,669 [   7583]   INFO - STDOUT - Found 206 configurables
2026-06-04 12:09:12,729 [   7643]   INFO - #c.i.i.p.n.PluginsGroupComponentWithProgress - Marketplace tab: loading stopped
2026-06-04 12:09:13,399 [   8313]   INFO - STDOUT - Output written to /Users/suyp/minmetal/project/app-minmetals-hcm-pm/code-translation-plugin/build/tmp/buildSearchableOptions/textmate.jar/search/textmate.jar.searchableOptions.xml
2026-06-04 12:09:13,403 [   8317]   INFO - STDOUT - Output written to /Users/suyp/minmetal/project/app-minmetals-hcm-pm/code-translation-plugin/build/tmp/buildSearchableOptions/markdown.jar/search/markdown.jar.searchableOptions.xml
2026-06-04 12:09:13,403 [   8317]   INFO - STDOUT - Output written to /Users/suyp/minmetal/project/app-minmetals-hcm-pm/code-translation-plugin/build/tmp/buildSearchableOptions/IntelliLang.jar/search/IntelliLang.jar.searchableOptions.xml
2026-06-04 12:09:13,404 [   8318]   INFO - STDOUT - Output written to /Users/suyp/minmetal/project/app-minmetals-hcm-pm/code-translation-plugin/build/tmp/buildSearchableOptions/eclipse.jar/search/eclipse.jar.searchableOptions.xml
2026-06-04 12:09:13,405 [   8319]   INFO - STDOUT - Output written to /Users/suyp/minmetal/project/app-minmetals-hcm-pm/code-translation-plugin/build/tmp/buildSearchableOptions/tasks-core.jar/search/tasks-core.jar.searchableOptions.xml
2026-06-04 12:09:13,405 [   8319]   INFO - STDOUT - Output written to /Users/suyp/minmetal/project/app-minmetals-hcm-pm/code-translation-plugin/build/tmp/buildSearchableOptions/sh.jar/search/sh.jar.searchableOptions.xml
2026-06-04 12:09:13,406 [   8320]   INFO - STDOUT - Output written to /Users/suyp/minmetal/project/app-minmetals-hcm-pm/code-translation-plugin/build/tmp/buildSearchableOptions/java-coverage.jar/search/java-coverage.jar.searchableOptions.xml
2026-06-04 12:09:13,406 [   8320]   INFO - STDOUT - Output written to /Users/suyp/minmetal/project/app-minmetals-hcm-pm/code-translation-plugin/build/tmp/buildSearchableOptions/java-impl.jar!/search/java-impl.jar!.searchableOptions.xml
2026-06-04 12:09:13,407 [   8321]   INFO - STDOUT - Output written to /Users/suyp/minmetal/project/app-minmetals-hcm-pm/code-translation-plugin/build/tmp/buildSearchableOptions/javaFX.jar!/search/javaFX.jar!.searchableOptions.xml
2026-06-04 12:09:13,408 [   8322]   INFO - STDOUT - Output written to /Users/suyp/minmetal/project/app-minmetals-hcm-pm/code-translation-plugin/build/tmp/buildSearchableOptions/idea-junit.jar!/search/idea-junit.jar!.searchableOptions.xml
2026-06-04 12:09:13,409 [   8323]   INFO - STDOUT - Output written to /Users/suyp/minmetal/project/app-minmetals-hcm-pm/code-translation-plugin/build/tmp/buildSearchableOptions/uiDesigner.jar/search/uiDesigner.jar.searchableOptions.xml
2026-06-04 12:09:13,409 [   8323]   INFO - STDOUT - Output written to /Users/suyp/minmetal/project/app-minmetals-hcm-pm/code-translation-plugin/build/tmp/buildSearchableOptions/javaFX.jar/search/javaFX.jar.searchableOptions.xml
2026-06-04 12:09:13,410 [   8324]   INFO - STDOUT - Output written to /Users/suyp/minmetal/project/app-minmetals-hcm-pm/code-translation-plugin/build/tmp/buildSearchableOptions/dev.jar/search/dev.jar.searchableOptions.xml
2026-06-04 12:09:13,410 [   8324]   INFO - STDOUT - Output written to /Users/suyp/minmetal/project/app-minmetals-hcm-pm/code-translation-plugin/build/tmp/buildSearchableOptions/space.jar/search/space.jar.searchableOptions.xml
2026-06-04 12:09:13,410 [   8324]   INFO - STDOUT - Output written to /Users/suyp/minmetal/project/app-minmetals-hcm-pm/code-translation-plugin/build/tmp/buildSearchableOptions/cwm-plugin-terminal.jar/search/cwm-plugin-terminal.jar.searchableOptions.xml
2026-06-04 12:09:13,412 [   8326]   INFO - STDOUT - Output written to /Users/suyp/minmetal/project/app-minmetals-hcm-pm/code-translation-plugin/build/tmp/buildSearchableOptions/vcs-svn.jar/search/vcs-svn.jar.searchableOptions.xml
2026-06-04 12:09:13,412 [   8326]   INFO - STDOUT - Output written to /Users/suyp/minmetal/project/app-minmetals-hcm-pm/code-translation-plugin/build/tmp/buildSearchableOptions/byteCodeViewer.jar/search/byteCodeViewer.jar.searchableOptions.xml
2026-06-04 12:09:13,412 [   8326]   INFO - STDOUT - Output written to /Users/suyp/minmetal/project/app-minmetals-hcm-pm/code-translation-plugin/build/tmp/buildSearchableOptions/testng-plugin.jar!/search/testng-plugin.jar!.searchableOptions.xml
2026-06-04 12:09:13,413 [   8327]   INFO - STDOUT - Output written to /Users/suyp/minmetal/project/app-minmetals-hcm-pm/code-translation-plugin/build/tmp/buildSearchableOptions/marketplace.jar/search/marketplace.jar.searchableOptions.xml
2026-06-04 12:09:13,414 [   8328]   INFO - STDOUT - Output written to /Users/suyp/minmetal/project/app-minmetals-hcm-pm/code-translation-plugin/build/tmp/buildSearchableOptions/maven.jar/search/maven.jar.searchableOptions.xml
2026-06-04 12:09:13,415 [   8329]   INFO - STDOUT - Output written to /Users/suyp/minmetal/project/app-minmetals-hcm-pm/code-translation-plugin/build/tmp/buildSearchableOptions/copyright.jar/search/copyright.jar.searchableOptions.xml
2026-06-04 12:09:13,415 [   8329]   INFO - STDOUT - Output written to /Users/suyp/minmetal/project/app-minmetals-hcm-pm/code-translation-plugin/build/tmp/buildSearchableOptions/maven.jar!/search/maven.jar!.searchableOptions.xml
2026-06-04 12:09:13,417 [   8331]   INFO - STDOUT - Output written to /Users/suyp/minmetal/project/app-minmetals-hcm-pm/code-translation-plugin/build/tmp/buildSearchableOptions/Groovy.jar/search/Groovy.jar.searchableOptions.xml
2026-06-04 12:09:13,418 [   8332]   INFO - STDOUT - Output written to /Users/suyp/minmetal/project/app-minmetals-hcm-pm/code-translation-plugin/build/tmp/buildSearchableOptions/terminal.jar/search/terminal.jar.searchableOptions.xml
2026-06-04 12:09:13,418 [   8332]   INFO - STDOUT - Output written to /Users/suyp/minmetal/project/app-minmetals-hcm-pm/code-translation-plugin/build/tmp/buildSearchableOptions/gradle-java.jar/search/gradle-java.jar.searchableOptions.xml
2026-06-04 12:09:13,418 [   8332]   INFO - STDOUT - Output written to /Users/suyp/minmetal/project/app-minmetals-hcm-pm/code-translation-plugin/build/tmp/buildSearchableOptions/performanceTesting-async.jar/search/performanceTesting-async.jar.searchableOptions.xml
2026-06-04 12:09:13,419 [   8333]   INFO - STDOUT - Output written to /Users/suyp/minmetal/project/app-minmetals-hcm-pm/code-translation-plugin/build/tmp/buildSearchableOptions/properties.jar/search/properties.jar.searchableOptions.xml
2026-06-04 12:09:13,424 [   8338]   INFO - STDOUT - Output written to /Users/suyp/minmetal/project/app-minmetals-hcm-pm/code-translation-plugin/build/tmp/buildSearchableOptions/java-impl.jar/search/java-impl.jar.searchableOptions.xml
2026-06-04 12:09:13,448 [   8362]   INFO - STDOUT - Output written to /Users/suyp/minmetal/project/app-minmetals-hcm-pm/code-translation-plugin/build/tmp/buildSearchableOptions/app-client.jar/search/app-client.jar.searchableOptions.xml
2026-06-04 12:09:13,449 [   8363]   INFO - STDOUT - Output written to /Users/suyp/minmetal/project/app-minmetals-hcm-pm/code-translation-plugin/build/tmp/buildSearchableOptions/html-tools.jar/search/html-tools.jar.searchableOptions.xml
2026-06-04 12:09:13,450 [   8364]   INFO - STDOUT - Output written to /Users/suyp/minmetal/project/app-minmetals-hcm-pm/code-translation-plugin/build/tmp/buildSearchableOptions/vcs-perforce.jar/search/vcs-perforce.jar.searchableOptions.xml
2026-06-04 12:09:13,450 [   8364]   INFO - STDOUT - Output written to /Users/suyp/minmetal/project/app-minmetals-hcm-pm/code-translation-plugin/build/tmp/buildSearchableOptions/java-debugger-streams.jar/search/java-debugger-streams.jar.searchableOptions.xml
2026-06-04 12:09:13,451 [   8365]   INFO - STDOUT - Output written to /Users/suyp/minmetal/project/app-minmetals-hcm-pm/code-translation-plugin/build/tmp/buildSearchableOptions/gradle.jar/search/gradle.jar.searchableOptions.xml
2026-06-04 12:09:13,451 [   8365]   INFO - STDOUT - Output written to /Users/suyp/minmetal/project/app-minmetals-hcm-pm/code-translation-plugin/build/tmp/buildSearchableOptions/testng-plugin.jar/search/testng-plugin.jar.searchableOptions.xml
2026-06-04 12:09:13,452 [   8366]   INFO - STDOUT - Output written to /Users/suyp/minmetal/project/app-minmetals-hcm-pm/code-translation-plugin/build/tmp/buildSearchableOptions/grazie.jar/search/grazie.jar.searchableOptions.xml
2026-06-04 12:09:13,452 [   8366]   INFO - STDOUT - Output written to /Users/suyp/minmetal/project/app-minmetals-hcm-pm/code-translation-plugin/build/tmp/buildSearchableOptions/qodana.jar/search/qodana.jar.searchableOptions.xml
2026-06-04 12:09:13,456 [   8370]   INFO - STDOUT - Output written to /Users/suyp/minmetal/project/app-minmetals-hcm-pm/code-translation-plugin/build/tmp/buildSearchableOptions/app.jar/search/app.jar.searchableOptions.xml
2026-06-04 12:09:13,457 [   8371]   INFO - STDOUT - Output written to /Users/suyp/minmetal/project/app-minmetals-hcm-pm/code-translation-plugin/build/tmp/buildSearchableOptions/completionMlRanking.jar/search/completionMlRanking.jar.searchableOptions.xml
2026-06-04 12:09:13,458 [   8372]   INFO - STDOUT - Output written to /Users/suyp/minmetal/project/app-minmetals-hcm-pm/code-translation-plugin/build/tmp/buildSearchableOptions/java-decompiler.jar/search/java-decompiler.jar.searchableOptions.xml
2026-06-04 12:09:13,458 [   8372]   INFO - STDOUT - Output written to /Users/suyp/minmetal/project/app-minmetals-hcm-pm/code-translation-plugin/build/tmp/buildSearchableOptions/vcs-hg.jar/search/vcs-hg.jar.searchableOptions.xml
2026-06-04 12:09:13,459 [   8373]   INFO - STDOUT - Output written to /Users/suyp/minmetal/project/app-minmetals-hcm-pm/code-translation-plugin/build/tmp/buildSearchableOptions/performanceTesting.jar/search/performanceTesting.jar.searchableOptions.xml
2026-06-04 12:09:13,459 [   8373]   INFO - STDOUT - Output written to /Users/suyp/minmetal/project/app-minmetals-hcm-pm/code-translation-plugin/build/tmp/buildSearchableOptions/vcs-gitlab.jar/search/vcs-gitlab.jar.searchableOptions.xml
2026-06-04 12:09:13,460 [   8374]   INFO - STDOUT - Output written to /Users/suyp/minmetal/project/app-minmetals-hcm-pm/code-translation-plugin/build/tmp/buildSearchableOptions/cwm-common.jar/search/cwm-common.jar.searchableOptions.xml
2026-06-04 12:09:13,460 [   8374]   INFO - STDOUT - Output written to /Users/suyp/minmetal/project/app-minmetals-hcm-pm/code-translation-plugin/build/tmp/buildSearchableOptions/java-i18n.jar/search/java-i18n.jar.searchableOptions.xml
2026-06-04 12:09:13,461 [   8375]   INFO - STDOUT - Output written to /Users/suyp/minmetal/project/app-minmetals-hcm-pm/code-translation-plugin/build/tmp/buildSearchableOptions/Groovy.jar!/search/Groovy.jar!.searchableOptions.xml
2026-06-04 12:09:13,461 [   8375]   INFO - STDOUT - Output written to /Users/suyp/minmetal/project/app-minmetals-hcm-pm/code-translation-plugin/build/tmp/buildSearchableOptions/toml.jar/search/toml.jar.searchableOptions.xml
2026-06-04 12:09:13,461 [   8375]   INFO - STDOUT - Output written to /Users/suyp/minmetal/project/app-minmetals-hcm-pm/code-translation-plugin/build/tmp/buildSearchableOptions/idea-junit.jar/search/idea-junit.jar.searchableOptions.xml
2026-06-04 12:09:13,462 [   8376]   INFO - STDOUT - Output written to /Users/suyp/minmetal/project/app-minmetals-hcm-pm/code-translation-plugin/build/tmp/buildSearchableOptions/yaml.jar/search/yaml.jar.searchableOptions.xml
2026-06-04 12:09:13,462 [   8376]   INFO - STDOUT - Output written to /Users/suyp/minmetal/project/app-minmetals-hcm-pm/code-translation-plugin/build/tmp/buildSearchableOptions/packageChecker.jar/search/packageChecker.jar.searchableOptions.xml
2026-06-04 12:09:13,463 [   8377]   INFO - STDOUT - Output written to /Users/suyp/minmetal/project/app-minmetals-hcm-pm/code-translation-plugin/build/tmp/buildSearchableOptions/editorconfig.jar/search/editorconfig.jar.searchableOptions.xml
2026-06-04 12:09:13,463 [   8377]   INFO - STDOUT - Output written to /Users/suyp/minmetal/project/app-minmetals-hcm-pm/code-translation-plugin/build/tmp/buildSearchableOptions/vcs-github.jar/search/vcs-github.jar.searchableOptions.xml
2026-06-04 12:09:13,464 [   8378]   INFO - STDOUT - Output written to /Users/suyp/minmetal/project/app-minmetals-hcm-pm/code-translation-plugin/build/tmp/buildSearchableOptions/platform-langInjection.jar/search/platform-langInjection.jar.searchableOptions.xml
2026-06-04 12:09:13,466 [   8380]   INFO - STDOUT - Output written to /Users/suyp/minmetal/project/app-minmetals-hcm-pm/code-translation-plugin/build/tmp/buildSearchableOptions/platform-images.jar/search/platform-images.jar.searchableOptions.xml
2026-06-04 12:09:13,469 [   8383]   INFO - STDOUT - Output written to /Users/suyp/minmetal/project/app-minmetals-hcm-pm/code-translation-plugin/build/tmp/buildSearchableOptions/vcs-git.jar/search/vcs-git.jar.searchableOptions.xml
2026-06-04 12:09:13,471 [   8385]   INFO - STDOUT - Output written to /Users/suyp/minmetal/project/app-minmetals-hcm-pm/code-translation-plugin/build/tmp/buildSearchableOptions/kotlin-plugin.jar/search/kotlin-plugin.jar.searchableOptions.xml
2026-06-04 12:09:13,471 [   8385]   INFO - STDOUT - Output written to /Users/suyp/minmetal/project/app-minmetals-hcm-pm/code-translation-plugin/build/tmp/buildSearchableOptions/modules.jar/search/modules.jar.searchableOptions.xml
2026-06-04 12:09:13,472 [   8386]   INFO - STDOUT - Output written to /Users/suyp/minmetal/project/app-minmetals-hcm-pm/code-translation-plugin/build/tmp/buildSearchableOptions/indexing-shared.jar/search/indexing-shared.jar.searchableOptions.xml
2026-06-04 12:09:13,472 [   8386]   INFO - STDOUT - Output written to /Users/suyp/minmetal/project/app-minmetals-hcm-pm/code-translation-plugin/build/tmp/buildSearchableOptions/featuresTrainer.jar/search/featuresTrainer.jar.searchableOptions.xml
2026-06-04 12:09:13,472 [   8386]   INFO - STDOUT - Output written to /Users/suyp/minmetal/project/app-minmetals-hcm-pm/code-translation-plugin/build/tmp/buildSearchableOptions/kotlin-plugin.jar!/search/kotlin-plugin.jar!.searchableOptions.xml
2026-06-04 12:09:13,473 [   8387]   INFO - STDOUT - Output written to /Users/suyp/minmetal/project/app-minmetals-hcm-pm/code-translation-plugin/build/tmp/buildSearchableOptions/cwm-host.jar/search/cwm-host.jar.searchableOptions.xml
2026-06-04 12:09:13,473 [   8387]   INFO - STDOUT - Output written to /Users/suyp/minmetal/project/app-minmetals-hcm-pm/code-translation-plugin/build/tmp/buildSearchableOptions/gradle-java-maven.jar/search/gradle-java-maven.jar.searchableOptions.xml
2026-06-04 12:09:13,473 [   8387]   INFO - STDOUT - Output written to /Users/suyp/minmetal/project/app-minmetals-hcm-pm/code-translation-plugin/build/tmp/buildSearchableOptions/code-translation-plugin-1.0.0.jar/search/code-translation-plugin-1.0.0.jar.searchableOptions.xml
2026-06-04 12:09:13,473 [   8387]   INFO - STDOUT - Output written to /Users/suyp/minmetal/project/app-minmetals-hcm-pm/code-translation-plugin/build/tmp/buildSearchableOptions/settingsSync.jar/search/settingsSync.jar.searchableOptions.xml
2026-06-04 12:09:13,473 [   8387]   INFO - STDOUT - Searchable options index builder completed
2026-06-04 12:09:13,474 [   8388]   INFO - #c.i.u.i.FileBasedIndexImpl - Index dispose started
2026-06-04 12:09:13,497 [   8411]   INFO - #c.i.p.s.StubIndexImpl - StubIndexExtension-s were unloaded
2026-06-04 12:09:13,498 [   8412]   INFO - #c.i.p.s.SerializationManagerImpl - Start shutting down /Users/suyp/minmetal/project/app-minmetals-hcm-pm/code-translation-plugin/build/idea-sandbox/IC-2023.3.6/system/index/rep.names
2026-06-04 12:09:13,498 [   8412]   INFO - #c.i.p.s.SerializationManagerImpl - Finished shutting down /Users/suyp/minmetal/project/app-minmetals-hcm-pm/code-translation-plugin/build/idea-sandbox/IC-2023.3.6/system/index/rep.names
2026-06-04 12:09:13,500 [   8414]   INFO - #c.i.u.i.FileBasedIndexImpl - Index dispose completed in 26ms.
2026-06-04 12:09:13,504 [   8418]   INFO - #c.i.o.v.n.p.PersistentFSImpl - VFS dispose started
2026-06-04 12:09:13,508 [   8422]   INFO - #c.i.o.v.n.p.PersistentFSImpl - VFS dispose completed in 4ms.
2026-06-04 12:09:13,519 [   8433]   INFO - #c.i.p.i.b.AppStarter - ------------------------------------------------------ IDE SHUTDOWN ------------------------------------------------------
